MPLINK 4.40, Linker
Linker Map File - Created Thu Mar 07 11:00:50 2019

                                 Section Info
                  Section       Type    Address   Location Size(Bytes)
                ---------  ---------  ---------  ---------  ---------
               _entry_scn       code   0x000000    program   0x000006
           .code___init.o       code   0x000006    program   0x000002
               highVector       code   0x000008    program   0x000006
         .romdata_c018i.o    romdata   0x00000e    program   0x000000
        .romdata___init.o    romdata   0x00000e    program   0x000000
         .idata_laser.o_i    romdata   0x00000e    program   0x000002
         .romdata_laser.o    romdata   0x00000e    program   0x000000
      .romdata_fxd0808u.o    romdata   0x00000e    program   0x000000
         .idata_c018i.o_i    romdata   0x000010    program   0x000000
            .code_c018i.o       code   0x000010    program   0x000000
       .idata_Console.o_i    romdata   0x000010    program   0x000000
        .idata___init.o_i    romdata   0x000010    program   0x000000
      .idata_fxd0808u.o_i    romdata   0x000010    program   0x000000
                lowVector       code   0x000018    program   0x000006
                   .cinit    romdata   0x00001e    program   0x00000e
            .code_laser.o       code   0x00002c    program   0x000370
                   STDLIB       code   0x00039c    program   0x00021e
          .code_Console.o       code   0x0005ba    program   0x0001c8
               _cinit_scn       code   0x000782    program   0x00009e
             .stringtable    romdata   0x000820    program   0x000070
                    .code       code   0x000890    program   0x000020
             _startup_scn       code   0x0008b0    program   0x00001c
         .code_fxd0808u.o       code   0x0008cc    program   0x00001c
       .romdata_Console.o    romdata   0x0008e8    program   0x000010
   .config_300001_laser.o    romdata   0x300001    program   0x000001
   .config_300002_laser.o    romdata   0x300002    program   0x000001
   .config_300003_laser.o    romdata   0x300003    program   0x000001
   .config_300005_laser.o    romdata   0x300005    program   0x000001
   .config_300006_laser.o    romdata   0x300006    program   0x000001
   .config_300008_laser.o    romdata   0x300008    program   0x000001
   .config_300009_laser.o    romdata   0x300009    program   0x000001
   .config_30000a_laser.o    romdata   0x30000a    program   0x000001
   .config_30000b_laser.o    romdata   0x30000b    program   0x000001
   .config_30000c_laser.o    romdata   0x30000c    program   0x000001
   .config_30000d_laser.o    romdata   0x30000d    program   0x000001
                MATH_DATA      udata   0x000000       data   0x000010
                 .tmpdata      udata   0x000010       data   0x000003
           .udata_laser.o      udata   0x000060       data   0x000023
           .udata_c018i.o      udata   0x000083       data   0x00000a
           .idata_laser.o      idata   0x00008d       data   0x000002
           .idata_c018i.o      idata   0x00008f       data   0x000000
         .udata_Console.o      udata   0x00008f       data   0x000000
         .idata_Console.o      idata   0x00008f       data   0x000000
        .udata_fxd0808u.o      udata   0x00008f       data   0x000000
        .idata_fxd0808u.o      idata   0x00008f       data   0x000000
          .udata___init.o      udata   0x00008f       data   0x000000
          .idata___init.o      idata   0x00008f       data   0x000000
                   .stack      udata   0x000100       data   0x000100
            SFR_UNBANKED0      udata   0x000f68       data   0x000098



                              Program Memory Usage 
                               Start         End      
                           ---------   ---------      
                            0x000000    0x00000f      
                            0x000018    0x0008f7      
                            0x300001    0x300003      
                            0x300005    0x300006      
                            0x300008    0x30000d      
            2299 out of 16664 program addresses used, program memory utilization is 13%



                              Symbols - Sorted by Name
                     Name    Address   Location    Storage File                     
                ---------  ---------  ---------  --------- ---------                
           CharacterArray   0x0008e8    program     extern C:\edocs\uC\ujprojects\laser\peremiter.X\Console.c
               ConsoleGet   0x000660    program     extern C:\edocs\uC\ujprojects\laser\peremiter.X\Console.c
              ConsoleInit   0x0005ba    program     extern C:\edocs\uC\ujprojects\laser\peremiter.X\Console.c
               ConsolePut   0x000642    program     extern C:\edocs\uC\ujprojects\laser\peremiter.X\Console.c
      ConsolePutROMString   0x0005d0    program     extern C:\edocs\uC\ujprojects\laser\peremiter.X\Console.c
         ConsolePutString   0x00060a    program     extern C:\edocs\uC\ujprojects\laser\peremiter.X\Console.c
                DoCommand   0x0002ca    program     extern C:\edocs\uC\ujprojects\laser\peremiter.X\laser.c
                 FXD0808U   0x0008cc    program     extern C:\MCC18\v3_39\src\traditional\math\fxd0808u.c
                  HighISR   0x00004e    program     extern C:\edocs\uC\ujprojects\laser\peremiter.X\laser.c
               HighVector   0x000008    program     extern C:\edocs\uC\ujprojects\laser\peremiter.X\laser.c
                   LowISR   0x00002c    program     extern C:\edocs\uC\ujprojects\laser\peremiter.X\laser.c
                  OneByte   0x0005a8    program     static C:\MCC18\v3_39\src\traditional\stdclib\itobcd.asm
                PrintChar   0x00066c    program     extern C:\edocs\uC\ujprojects\laser\peremiter.X\Console.c
                 PrintDec   0x0006ce    program     extern C:\edocs\uC\ujprojects\laser\peremiter.X\Console.c
                ProcLower   0x00055c    program     static C:\MCC18\v3_39\src\traditional\stdclib\itoa.asm
                ProcUpper   0x000552    program     static C:\MCC18\v3_39\src\traditional\stdclib\itoa.asm
                    Setup   0x0000ac    program     extern C:\edocs\uC\ujprojects\laser\peremiter.X\laser.c
                 TstLower   0x000546    program     static C:\MCC18\v3_39\src\traditional\stdclib\itoa.asm
                 TstUpper   0x000540    program     static C:\MCC18\v3_39\src\traditional\stdclib\itoa.asm
       ___return_lbl00000   0x0008e6    program     static                          
       ___return_lbl00000   0x000004    program     static                          
       ___return_lbl00001   0x0008ca    program     static                          
       ___return_lbl00002   0x00081e    program     static                          
       ___return_lbl00008   0x00000c    program     static                          
       ___return_lbl00009   0x00001c    program     static                          
               __config_0   0x300001    program     static C:\edocs\uC\ujprojects\laser\peremiter.X\laser.c
               __config_1   0x300002    program     static C:\edocs\uC\ujprojects\laser\peremiter.X\laser.c
              __config_10   0x30000d    program     static C:\edocs\uC\ujprojects\laser\peremiter.X\laser.c
               __config_2   0x300003    program     static C:\edocs\uC\ujprojects\laser\peremiter.X\laser.c
               __config_3   0x300005    program     static C:\edocs\uC\ujprojects\laser\peremiter.X\laser.c
               __config_4   0x300006    program     static C:\edocs\uC\ujprojects\laser\peremiter.X\laser.c
               __config_5   0x300008    program     static C:\edocs\uC\ujprojects\laser\peremiter.X\laser.c
               __config_6   0x300009    program     static C:\edocs\uC\ujprojects\laser\peremiter.X\laser.c
               __config_7   0x30000a    program     static C:\edocs\uC\ujprojects\laser\peremiter.X\laser.c
               __config_8   0x30000b    program     static C:\edocs\uC\ujprojects\laser\peremiter.X\laser.c
               __config_9   0x30000c    program     static C:\edocs\uC\ujprojects\laser\peremiter.X\laser.c
                   __init   0x000006    program     extern C:\MCC18\v3_39\src\traditional\stdclib\__init.c
               __string_0   0x000880    program     static C:\edocs\uC\ujprojects\laser\peremiter.X\laser.c
               __string_1   0x00087c    program     static C:\edocs\uC\ujprojects\laser\peremiter.X\laser.c
               __string_2   0x00086e    program     static C:\edocs\uC\ujprojects\laser\peremiter.X\laser.c
               __string_3   0x00086b    program     static C:\edocs\uC\ujprojects\laser\peremiter.X\laser.c
               __string_4   0x000859    program     static C:\edocs\uC\ujprojects\laser\peremiter.X\laser.c
               __string_5   0x00084d    program     static C:\edocs\uC\ujprojects\laser\peremiter.X\laser.c
               __string_6   0x000841    program     static C:\edocs\uC\ujprojects\laser\peremiter.X\laser.c
               __string_7   0x000834    program     static C:\edocs\uC\ujprojects\laser\peremiter.X\laser.c
               __string_8   0x000820    program     static C:\edocs\uC\ujprojects\laser\peremiter.X\laser.c
            __zero_memory   0x000890    program     extern C:\MCC18\v3_39\src\traditional\proc\p18LF14K22.asm
                _do_cinit   0x000782    program     extern C:\MCC18\v3_39\src\traditional\startup\c018i.c
                   _entry   0x000000    program     extern C:\MCC18\v3_39\src\traditional\startup\c018i.c
                 _startup   0x0008b0    program     extern C:\MCC18\v3_39\src\traditional\startup\c018i.c
                     atoi   0x00039c    program     extern C:\MCC18\v3_39\src\traditional\stdclib\atoi.asm
          cmd_interpreter   0x000158    program     extern C:\edocs\uC\ujprojects\laser\peremiter.X\laser.c
                compare_l   0x0008a6    program     static C:\MCC18\v3_39\src\traditional\proc\p18LF14K22.asm
                copy_loop   0x0007f4    program     static                          
            copy_one_byte   0x0007fa    program     static                          
                     done   0x00081e    program     static                          
             done_copying   0x000808    program     static                          
                  endloop   0x0008e2    program     static                          
                   itoBCD   0x000566    program     extern C:\MCC18\v3_39\src\traditional\stdclib\itobcd.asm
                     itoa   0x000486    program     extern C:\MCC18\v3_39\src\traditional\stdclib\itoa.asm
                     jDo1   0x00050c    program     static C:\MCC18\v3_39\src\traditional\stdclib\itoa.asm
                     jDo2   0x000508    program     static C:\MCC18\v3_39\src\traditional\stdclib\itoa.asm
                     jDo3   0x000504    program     static C:\MCC18\v3_39\src\traditional\stdclib\itoa.asm
                     jDo4   0x000500    program     static C:\MCC18\v3_39\src\traditional\stdclib\itoa.asm
                     jDo5   0x0004fc    program     static C:\MCC18\v3_39\src\traditional\stdclib\itoa.asm
                     jEnd   0x0005a4    program     static C:\MCC18\v3_39\src\traditional\stdclib\itobcd.asm
                     jEnd   0x00045a    program     static C:\MCC18\v3_39\src\traditional\stdclib\atoi.asm
                 jEndLoop   0x000442    program     static C:\MCC18\v3_39\src\traditional\stdclib\atoi.asm
                    jLoop   0x0003f4    program     static C:\MCC18\v3_39\src\traditional\stdclib\atoi.asm
                    jLoop   0x00057e    program     static C:\MCC18\v3_39\src\traditional\stdclib\itobcd.asm
                  jSkipWS   0x0003ca    program     static C:\MCC18\v3_39\src\traditional\stdclib\atoi.asm
                 jSkipWS1   0x0003dc    program     static C:\MCC18\v3_39\src\traditional\stdclib\atoi.asm
                jTstLowZ1   0x000550    program     static C:\MCC18\v3_39\src\traditional\stdclib\itoa.asm
                 jTstSign   0x0003e0    program     static C:\MCC18\v3_39\src\traditional\stdclib\atoi.asm
                jTstSign1   0x0004b2    program     static C:\MCC18\v3_39\src\traditional\stdclib\itoa.asm
                jTstSign1   0x0003ec    program     static C:\MCC18\v3_39\src\traditional\stdclib\atoi.asm
                jTstSign2   0x0003f2    program     static C:\MCC18\v3_39\src\traditional\stdclib\atoi.asm
                jTstSign3   0x0003f4    program     static C:\MCC18\v3_39\src\traditional\stdclib\atoi.asm
                     loop   0x0008d4    program     static                          
                     loop   0x0008c0    program     static                          
                   loop_h   0x00089e    program     static C:\MCC18\v3_39\src\traditional\proc\p18LF14K22.asm
                   loop_l   0x0008a8    program     static C:\MCC18\v3_39\src\traditional\proc\p18LF14K22.asm
                lowVector   0x000018    program     extern C:\edocs\uC\ujprojects\laser\peremiter.X\laser.c
                     main   0x0000fe    program     extern C:\edocs\uC\ujprojects\laser\peremiter.X\laser.c
                     test   0x00079c    program     static                          
                    teszt   0x0000aa    program     extern C:\edocs\uC\ujprojects\laser\peremiter.X\laser.c
               zero_block   0x00089e    program     static C:\MCC18\v3_39\src\traditional\proc\p18LF14K22.asm
                   ADCON0   0x000fc2       data     extern C:\MCC18\v3_39\src\traditional\proc\p18LF14K22.asm
               ADCON0bits   0x000fc2       data     extern C:\MCC18\v3_39\src\traditional\proc\p18LF14K22.asm
                   ADCON1   0x000fc1       data     extern C:\MCC18\v3_39\src\traditional\proc\p18LF14K22.asm
               ADCON1bits   0x000fc1       data     extern C:\MCC18\v3_39\src\traditional\proc\p18LF14K22.asm
                   ADCON2   0x000fc0       data     extern C:\MCC18\v3_39\src\traditional\proc\p18LF14K22.asm
               ADCON2bits   0x000fc0       data     extern C:\MCC18\v3_39\src\traditional\proc\p18LF14K22.asm
                    ADRES   0x000fc3       data     extern C:\MCC18\v3_39\src\traditional\proc\p18LF14K22.asm
                   ADRESH   0x000fc4       data     extern C:\MCC18\v3_39\src\traditional\proc\p18LF14K22.asm
                   ADRESL   0x000fc3       data     extern C:\MCC18\v3_39\src\traditional\proc\p18LF14K22.asm
                    ANSEL   0x000f7e       data     extern C:\MCC18\v3_39\src\traditional\proc\p18LF14K22.asm
                   ANSELH   0x000f7f       data     extern C:\MCC18\v3_39\src\traditional\proc\p18LF14K22.asm
               ANSELHbits   0x000f7f       data     extern C:\MCC18\v3_39\src\traditional\proc\p18LF14K22.asm
                ANSELbits   0x000f7e       data     extern C:\MCC18\v3_39\src\traditional\proc\p18LF14K22.asm
                  BAUDCON   0x000fb8       data     extern C:\MCC18\v3_39\src\traditional\proc\p18LF14K22.asm
              BAUDCONbits   0x000fb8       data     extern C:\MCC18\v3_39\src\traditional\proc\p18LF14K22.asm
                  BAUDCTL   0x000fb8       data     extern C:\MCC18\v3_39\src\traditional\proc\p18LF14K22.asm
              BAUDCTLbits   0x000fb8       data     extern C:\MCC18\v3_39\src\traditional\proc\p18LF14K22.asm
                      BSR   0x000fe0       data     extern C:\MCC18\v3_39\src\traditional\proc\p18LF14K22.asm
                  CCP1CON   0x000fbd       data     extern C:\MCC18\v3_39\src\traditional\proc\p18LF14K22.asm
              CCP1CONbits   0x000fbd       data     extern C:\MCC18\v3_39\src\traditional\proc\p18LF14K22.asm
                    CCPR1   0x000fbe       data     extern C:\MCC18\v3_39\src\traditional\proc\p18LF14K22.asm
                   CCPR1H   0x000fbf       data     extern C:\MCC18\v3_39\src\traditional\proc\p18LF14K22.asm
                   CCPR1L   0x000fbe       data     extern C:\MCC18\v3_39\src\traditional\proc\p18LF14K22.asm
                  CM1CON0   0x000f6d       data     extern C:\MCC18\v3_39\src\traditional\proc\p18LF14K22.asm
              CM1CON0bits   0x000f6d       data     extern C:\MCC18\v3_39\src\traditional\proc\p18LF14K22.asm
                  CM2CON0   0x000f6b       data     extern C:\MCC18\v3_39\src\traditional\proc\p18LF14K22.asm
              CM2CON0bits   0x000f6b       data     extern C:\MCC18\v3_39\src\traditional\proc\p18LF14K22.asm
                  CM2CON1   0x000f6c       data     extern C:\MCC18\v3_39\src\traditional\proc\p18LF14K22.asm
              CM2CON1bits   0x000f6c       data     extern C:\MCC18\v3_39\src\traditional\proc\p18LF14K22.asm
                     DDRA   0x000f92       data     extern C:\MCC18\v3_39\src\traditional\proc\p18LF14K22.asm
                 DDRAbits   0x000f92       data     extern C:\MCC18\v3_39\src\traditional\proc\p18LF14K22.asm
                     DDRB   0x000f93       data     extern C:\MCC18\v3_39\src\traditional\proc\p18LF14K22.asm
                 DDRBbits   0x000f93       data     extern C:\MCC18\v3_39\src\traditional\proc\p18LF14K22.asm
                     DDRC   0x000f94       data     extern C:\MCC18\v3_39\src\traditional\proc\p18LF14K22.asm
                 DDRCbits   0x000f94       data     extern C:\MCC18\v3_39\src\traditional\proc\p18LF14K22.asm
                  ECCP1AS   0x000fb6       data     extern C:\MCC18\v3_39\src\traditional\proc\p18LF14K22.asm
              ECCP1ASbits   0x000fb6       data     extern C:\MCC18\v3_39\src\traditional\proc\p18LF14K22.asm
                    EEADR   0x000fa9       data     extern C:\MCC18\v3_39\src\traditional\proc\p18LF14K22.asm
                EEADRbits   0x000fa9       data     extern C:\MCC18\v3_39\src\traditional\proc\p18LF14K22.asm
                   EECON1   0x000fa6       data     extern C:\MCC18\v3_39\src\traditional\proc\p18LF14K22.asm
               EECON1bits   0x000fa6       data     extern C:\MCC18\v3_39\src\traditional\proc\p18LF14K22.asm
                   EECON2   0x000fa7       data     extern C:\MCC18\v3_39\src\traditional\proc\p18LF14K22.asm
                   EEDATA   0x000fa8       data     extern C:\MCC18\v3_39\src\traditional\proc\p18LF14K22.asm
                     FSR0   0x000fe9       data     extern C:\MCC18\v3_39\src\traditional\proc\p18LF14K22.asm
                    FSR0H   0x000fea       data     extern C:\MCC18\v3_39\src\traditional\proc\p18LF14K22.asm
                    FSR0L   0x000fe9       data     extern C:\MCC18\v3_39\src\traditional\proc\p18LF14K22.asm
                     FSR1   0x000fe1       data     extern C:\MCC18\v3_39\src\traditional\proc\p18LF14K22.asm
                    FSR1H   0x000fe2       data     extern C:\MCC18\v3_39\src\traditional\proc\p18LF14K22.asm
                    FSR1L   0x000fe1       data     extern C:\MCC18\v3_39\src\traditional\proc\p18LF14K22.asm
                     FSR2   0x000fd9       data     extern C:\MCC18\v3_39\src\traditional\proc\p18LF14K22.asm
                    FSR2H   0x000fda       data     extern C:\MCC18\v3_39\src\traditional\proc\p18LF14K22.asm
                    FSR2L   0x000fd9       data     extern C:\MCC18\v3_39\src\traditional\proc\p18LF14K22.asm
                    INDF0   0x000fef       data     extern C:\MCC18\v3_39\src\traditional\proc\p18LF14K22.asm
                    INDF1   0x000fe7       data     extern C:\MCC18\v3_39\src\traditional\proc\p18LF14K22.asm
                    INDF2   0x000fdf       data     extern C:\MCC18\v3_39\src\traditional\proc\p18LF14K22.asm
                   INTCON   0x000ff2       data     extern C:\MCC18\v3_39\src\traditional\proc\p18LF14K22.asm
                  INTCON2   0x000ff1       data     extern C:\MCC18\v3_39\src\traditional\proc\p18LF14K22.asm
              INTCON2bits   0x000ff1       data     extern C:\MCC18\v3_39\src\traditional\proc\p18LF14K22.asm
                  INTCON3   0x000ff0       data     extern C:\MCC18\v3_39\src\traditional\proc\p18LF14K22.asm
              INTCON3bits   0x000ff0       data     extern C:\MCC18\v3_39\src\traditional\proc\p18LF14K22.asm
               INTCONbits   0x000ff2       data     extern C:\MCC18\v3_39\src\traditional\proc\p18LF14K22.asm
                     IOCA   0x000f79       data     extern C:\MCC18\v3_39\src\traditional\proc\p18LF14K22.asm
                 IOCAbits   0x000f79       data     extern C:\MCC18\v3_39\src\traditional\proc\p18LF14K22.asm
                     IOCB   0x000f7a       data     extern C:\MCC18\v3_39\src\traditional\proc\p18LF14K22.asm
                 IOCBbits   0x000f7a       data     extern C:\MCC18\v3_39\src\traditional\proc\p18LF14K22.asm
                     IPR1   0x000f9f       data     extern C:\MCC18\v3_39\src\traditional\proc\p18LF14K22.asm
                 IPR1bits   0x000f9f       data     extern C:\MCC18\v3_39\src\traditional\proc\p18LF14K22.asm
                     IPR2   0x000fa2       data     extern C:\MCC18\v3_39\src\traditional\proc\p18LF14K22.asm
                 IPR2bits   0x000fa2       data     extern C:\MCC18\v3_39\src\traditional\proc\p18LF14K22.asm
                     LATA   0x000f89       data     extern C:\MCC18\v3_39\src\traditional\proc\p18LF14K22.asm
                 LATAbits   0x000f89       data     extern C:\MCC18\v3_39\src\traditional\proc\p18LF14K22.asm
                     LATB   0x000f8a       data     extern C:\MCC18\v3_39\src\traditional\proc\p18LF14K22.asm
                 LATBbits   0x000f8a       data     extern C:\MCC18\v3_39\src\traditional\proc\p18LF14K22.asm
                     LATC   0x000f8b       data     extern C:\MCC18\v3_39\src\traditional\proc\p18LF14K22.asm
                 LATCbits   0x000f8b       data     extern C:\MCC18\v3_39\src\traditional\proc\p18LF14K22.asm
                   OSCCON   0x000fd3       data     extern C:\MCC18\v3_39\src\traditional\proc\p18LF14K22.asm
                  OSCCON2   0x000fd2       data     extern C:\MCC18\v3_39\src\traditional\proc\p18LF14K22.asm
              OSCCON2bits   0x000fd2       data     extern C:\MCC18\v3_39\src\traditional\proc\p18LF14K22.asm
               OSCCONbits   0x000fd3       data     extern C:\MCC18\v3_39\src\traditional\proc\p18LF14K22.asm
                  OSCTUNE   0x000f9b       data     extern C:\MCC18\v3_39\src\traditional\proc\p18LF14K22.asm
              OSCTUNEbits   0x000f9b       data     extern C:\MCC18\v3_39\src\traditional\proc\p18LF14K22.asm
                       PC   0x000ff9       data     extern C:\MCC18\v3_39\src\traditional\proc\p18LF14K22.asm
                      PCL   0x000ff9       data     extern C:\MCC18\v3_39\src\traditional\proc\p18LF14K22.asm
                   PCLATH   0x000ffa       data     extern C:\MCC18\v3_39\src\traditional\proc\p18LF14K22.asm
                   PCLATU   0x000ffb       data     extern C:\MCC18\v3_39\src\traditional\proc\p18LF14K22.asm
                     PIE1   0x000f9d       data     extern C:\MCC18\v3_39\src\traditional\proc\p18LF14K22.asm
                 PIE1bits   0x000f9d       data     extern C:\MCC18\v3_39\src\traditional\proc\p18LF14K22.asm
                     PIE2   0x000fa0       data     extern C:\MCC18\v3_39\src\traditional\proc\p18LF14K22.asm
                 PIE2bits   0x000fa0       data     extern C:\MCC18\v3_39\src\traditional\proc\p18LF14K22.asm
                     PIR1   0x000f9e       data     extern C:\MCC18\v3_39\src\traditional\proc\p18LF14K22.asm
                 PIR1bits   0x000f9e       data     extern C:\MCC18\v3_39\src\traditional\proc\p18LF14K22.asm
                     PIR2   0x000fa1       data     extern C:\MCC18\v3_39\src\traditional\proc\p18LF14K22.asm
                 PIR2bits   0x000fa1       data     extern C:\MCC18\v3_39\src\traditional\proc\p18LF14K22.asm
                   PLUSW0   0x000feb       data     extern C:\MCC18\v3_39\src\traditional\proc\p18LF14K22.asm
                   PLUSW1   0x000fe3       data     extern C:\MCC18\v3_39\src\traditional\proc\p18LF14K22.asm
                   PLUSW2   0x000fdb       data     extern C:\MCC18\v3_39\src\traditional\proc\p18LF14K22.asm
                    PORTA   0x000f80       data     extern C:\MCC18\v3_39\src\traditional\proc\p18LF14K22.asm
                PORTAbits   0x000f80       data     extern C:\MCC18\v3_39\src\traditional\proc\p18LF14K22.asm
                    PORTB   0x000f81       data     extern C:\MCC18\v3_39\src\traditional\proc\p18LF14K22.asm
                PORTBbits   0x000f81       data     extern C:\MCC18\v3_39\src\traditional\proc\p18LF14K22.asm
                    PORTC   0x000f82       data     extern C:\MCC18\v3_39\src\traditional\proc\p18LF14K22.asm
                PORTCbits   0x000f82       data     extern C:\MCC18\v3_39\src\traditional\proc\p18LF14K22.asm
                 POSTDEC0   0x000fed       data     extern C:\MCC18\v3_39\src\traditional\proc\p18LF14K22.asm
                 POSTDEC1   0x000fe5       data     extern C:\MCC18\v3_39\src\traditional\proc\p18LF14K22.asm
                 POSTDEC2   0x000fdd       data     extern C:\MCC18\v3_39\src\traditional\proc\p18LF14K22.asm
                 POSTINC0   0x000fee       data     extern C:\MCC18\v3_39\src\traditional\proc\p18LF14K22.asm
                 POSTINC1   0x000fe6       data     extern C:\MCC18\v3_39\src\traditional\proc\p18LF14K22.asm
                 POSTINC2   0x000fde       data     extern C:\MCC18\v3_39\src\traditional\proc\p18LF14K22.asm
                      PR2   0x000fcb       data     extern C:\MCC18\v3_39\src\traditional\proc\p18LF14K22.asm
                  PREINC0   0x000fec       data     extern C:\MCC18\v3_39\src\traditional\proc\p18LF14K22.asm
                  PREINC1   0x000fe4       data     extern C:\MCC18\v3_39\src\traditional\proc\p18LF14K22.asm
                  PREINC2   0x000fdc       data     extern C:\MCC18\v3_39\src\traditional\proc\p18LF14K22.asm
                     PROD   0x000ff3       data     extern C:\MCC18\v3_39\src\traditional\proc\p18LF14K22.asm
                    PRODH   0x000ff4       data     extern C:\MCC18\v3_39\src\traditional\proc\p18LF14K22.asm
                    PRODL   0x000ff3       data     extern C:\MCC18\v3_39\src\traditional\proc\p18LF14K22.asm
                  PSTRCON   0x000fb9       data     extern C:\MCC18\v3_39\src\traditional\proc\p18LF14K22.asm
              PSTRCONbits   0x000fb9       data     extern C:\MCC18\v3_39\src\traditional\proc\p18LF14K22.asm
                  PWM1CON   0x000fb7       data     extern C:\MCC18\v3_39\src\traditional\proc\p18LF14K22.asm
              PWM1CONbits   0x000fb7       data     extern C:\MCC18\v3_39\src\traditional\proc\p18LF14K22.asm
                     RCON   0x000fd0       data     extern C:\MCC18\v3_39\src\traditional\proc\p18LF14K22.asm
                 RCONbits   0x000fd0       data     extern C:\MCC18\v3_39\src\traditional\proc\p18LF14K22.asm
                    RCREG   0x000fae       data     extern C:\MCC18\v3_39\src\traditional\proc\p18LF14K22.asm
                    RCSTA   0x000fab       data     extern C:\MCC18\v3_39\src\traditional\proc\p18LF14K22.asm
                RCSTAbits   0x000fab       data     extern C:\MCC18\v3_39\src\traditional\proc\p18LF14K22.asm
                  REFCON0   0x000fba       data     extern C:\MCC18\v3_39\src\traditional\proc\p18LF14K22.asm
              REFCON0bits   0x000fba       data     extern C:\MCC18\v3_39\src\traditional\proc\p18LF14K22.asm
                  REFCON1   0x000fbb       data     extern C:\MCC18\v3_39\src\traditional\proc\p18LF14K22.asm
              REFCON1bits   0x000fbb       data     extern C:\MCC18\v3_39\src\traditional\proc\p18LF14K22.asm
                  REFCON2   0x000fbc       data     extern C:\MCC18\v3_39\src\traditional\proc\p18LF14K22.asm
              REFCON2bits   0x000fbc       data     extern C:\MCC18\v3_39\src\traditional\proc\p18LF14K22.asm
                     SIGN   0x00000e       data     extern C:\MCC18\v3_39\src\traditional\math\cmath18.asm
                   SLRCON   0x000f76       data     extern C:\MCC18\v3_39\src\traditional\proc\p18LF14K22.asm
               SLRCONbits   0x000f76       data     extern C:\MCC18\v3_39\src\traditional\proc\p18LF14K22.asm
                    SPBRG   0x000faf       data     extern C:\MCC18\v3_39\src\traditional\proc\p18LF14K22.asm
                   SPBRGH   0x000fb0       data     extern C:\MCC18\v3_39\src\traditional\proc\p18LF14K22.asm
                   SRCON0   0x000f68       data     extern C:\MCC18\v3_39\src\traditional\proc\p18LF14K22.asm
               SRCON0bits   0x000f68       data     extern C:\MCC18\v3_39\src\traditional\proc\p18LF14K22.asm
                   SRCON1   0x000f69       data     extern C:\MCC18\v3_39\src\traditional\proc\p18LF14K22.asm
               SRCON1bits   0x000f69       data     extern C:\MCC18\v3_39\src\traditional\proc\p18LF14K22.asm
                   SSPADD   0x000fc8       data     extern C:\MCC18\v3_39\src\traditional\proc\p18LF14K22.asm
                   SSPBUF   0x000fc9       data     extern C:\MCC18\v3_39\src\traditional\proc\p18LF14K22.asm
                  SSPCON1   0x000fc6       data     extern C:\MCC18\v3_39\src\traditional\proc\p18LF14K22.asm
              SSPCON1bits   0x000fc6       data     extern C:\MCC18\v3_39\src\traditional\proc\p18LF14K22.asm
                  SSPCON2   0x000fc5       data     extern C:\MCC18\v3_39\src\traditional\proc\p18LF14K22.asm
              SSPCON2bits   0x000fc5       data     extern C:\MCC18\v3_39\src\traditional\proc\p18LF14K22.asm
                   SSPMSK   0x000f6f       data     extern C:\MCC18\v3_39\src\traditional\proc\p18LF14K22.asm
               SSPMSKbits   0x000f6f       data     extern C:\MCC18\v3_39\src\traditional\proc\p18LF14K22.asm
                  SSPSTAT   0x000fc7       data     extern C:\MCC18\v3_39\src\traditional\proc\p18LF14K22.asm
              SSPSTATbits   0x000fc7       data     extern C:\MCC18\v3_39\src\traditional\proc\p18LF14K22.asm
                   STATUS   0x000fd8       data     extern C:\MCC18\v3_39\src\traditional\proc\p18LF14K22.asm
               STATUSbits   0x000fd8       data     extern C:\MCC18\v3_39\src\traditional\proc\p18LF14K22.asm
                   STKPTR   0x000ffc       data     extern C:\MCC18\v3_39\src\traditional\proc\p18LF14K22.asm
               STKPTRbits   0x000ffc       data     extern C:\MCC18\v3_39\src\traditional\proc\p18LF14K22.asm
                    T0CON   0x000fd5       data     extern C:\MCC18\v3_39\src\traditional\proc\p18LF14K22.asm
                T0CONbits   0x000fd5       data     extern C:\MCC18\v3_39\src\traditional\proc\p18LF14K22.asm
                    T1CON   0x000fcd       data     extern C:\MCC18\v3_39\src\traditional\proc\p18LF14K22.asm
                T1CONbits   0x000fcd       data     extern C:\MCC18\v3_39\src\traditional\proc\p18LF14K22.asm
                    T2CON   0x000fca       data     extern C:\MCC18\v3_39\src\traditional\proc\p18LF14K22.asm
                T2CONbits   0x000fca       data     extern C:\MCC18\v3_39\src\traditional\proc\p18LF14K22.asm
                    T3CON   0x000fb1       data     extern C:\MCC18\v3_39\src\traditional\proc\p18LF14K22.asm
                T3CONbits   0x000fb1       data     extern C:\MCC18\v3_39\src\traditional\proc\p18LF14K22.asm
                   TABLAT   0x000ff5       data     extern C:\MCC18\v3_39\src\traditional\proc\p18LF14K22.asm
                   TBLPTR   0x000ff6       data     extern C:\MCC18\v3_39\src\traditional\proc\p18LF14K22.asm
                  TBLPTRH   0x000ff7       data     extern C:\MCC18\v3_39\src\traditional\proc\p18LF14K22.asm
                  TBLPTRL   0x000ff6       data     extern C:\MCC18\v3_39\src\traditional\proc\p18LF14K22.asm
                  TBLPTRU   0x000ff8       data     extern C:\MCC18\v3_39\src\traditional\proc\p18LF14K22.asm
                    TMR0H   0x000fd7       data     extern C:\MCC18\v3_39\src\traditional\proc\p18LF14K22.asm
                    TMR0L   0x000fd6       data     extern C:\MCC18\v3_39\src\traditional\proc\p18LF14K22.asm
                    TMR1H   0x000fcf       data     extern C:\MCC18\v3_39\src\traditional\proc\p18LF14K22.asm
                    TMR1L   0x000fce       data     extern C:\MCC18\v3_39\src\traditional\proc\p18LF14K22.asm
                     TMR2   0x000fcc       data     extern C:\MCC18\v3_39\src\traditional\proc\p18LF14K22.asm
                    TMR3H   0x000fb3       data     extern C:\MCC18\v3_39\src\traditional\proc\p18LF14K22.asm
                    TMR3L   0x000fb2       data     extern C:\MCC18\v3_39\src\traditional\proc\p18LF14K22.asm
                      TOS   0x000ffd       data     extern C:\MCC18\v3_39\src\traditional\proc\p18LF14K22.asm
                     TOSH   0x000ffe       data     extern C:\MCC18\v3_39\src\traditional\proc\p18LF14K22.asm
                     TOSL   0x000ffd       data     extern C:\MCC18\v3_39\src\traditional\proc\p18LF14K22.asm
                     TOSU   0x000fff       data     extern C:\MCC18\v3_39\src\traditional\proc\p18LF14K22.asm
                    TRISA   0x000f92       data     extern C:\MCC18\v3_39\src\traditional\proc\p18LF14K22.asm
                TRISAbits   0x000f92       data     extern C:\MCC18\v3_39\src\traditional\proc\p18LF14K22.asm
                    TRISB   0x000f93       data     extern C:\MCC18\v3_39\src\traditional\proc\p18LF14K22.asm
                TRISBbits   0x000f93       data     extern C:\MCC18\v3_39\src\traditional\proc\p18LF14K22.asm
                    TRISC   0x000f94       data     extern C:\MCC18\v3_39\src\traditional\proc\p18LF14K22.asm
                TRISCbits   0x000f94       data     extern C:\MCC18\v3_39\src\traditional\proc\p18LF14K22.asm
                    TXREG   0x000fad       data     extern C:\MCC18\v3_39\src\traditional\proc\p18LF14K22.asm
                    TXSTA   0x000fac       data     extern C:\MCC18\v3_39\src\traditional\proc\p18LF14K22.asm
                TXSTAbits   0x000fac       data     extern C:\MCC18\v3_39\src\traditional\proc\p18LF14K22.asm
                 VREFCON0   0x000fba       data     extern C:\MCC18\v3_39\src\traditional\proc\p18LF14K22.asm
             VREFCON0bits   0x000fba       data     extern C:\MCC18\v3_39\src\traditional\proc\p18LF14K22.asm
                 VREFCON1   0x000fbb       data     extern C:\MCC18\v3_39\src\traditional\proc\p18LF14K22.asm
             VREFCON1bits   0x000fbb       data     extern C:\MCC18\v3_39\src\traditional\proc\p18LF14K22.asm
                 VREFCON2   0x000fbc       data     extern C:\MCC18\v3_39\src\traditional\proc\p18LF14K22.asm
             VREFCON2bits   0x000fbc       data     extern C:\MCC18\v3_39\src\traditional\proc\p18LF14K22.asm
                        W   0x000fe8       data     extern C:\MCC18\v3_39\src\traditional\proc\p18LF14K22.asm
                   WDTCON   0x000fd1       data     extern C:\MCC18\v3_39\src\traditional\proc\p18LF14K22.asm
               WDTCONbits   0x000fd1       data     extern C:\MCC18\v3_39\src\traditional\proc\p18LF14K22.asm
                     WPUA   0x000f77       data     extern C:\MCC18\v3_39\src\traditional\proc\p18LF14K22.asm
                 WPUAbits   0x000f77       data     extern C:\MCC18\v3_39\src\traditional\proc\p18LF14K22.asm
                     WPUB   0x000f78       data     extern C:\MCC18\v3_39\src\traditional\proc\p18LF14K22.asm
                 WPUBbits   0x000f78       data     extern C:\MCC18\v3_39\src\traditional\proc\p18LF14K22.asm
                     WREG   0x000fe8       data     extern C:\MCC18\v3_39\src\traditional\proc\p18LF14K22.asm
                 __AARGB0   0x000007       data     extern C:\MCC18\v3_39\src\traditional\math\aarg.asm
                 __AARGB1   0x000006       data     extern C:\MCC18\v3_39\src\traditional\math\aarg.asm
                 __AARGB2   0x000005       data     extern C:\MCC18\v3_39\src\traditional\math\aarg.asm
                 __AARGB3   0x000004       data     extern C:\MCC18\v3_39\src\traditional\math\aarg.asm
                 __AARGB4   0x000003       data     extern C:\MCC18\v3_39\src\traditional\math\aarg.asm
                 __AARGB5   0x000002       data     extern C:\MCC18\v3_39\src\traditional\math\aarg.asm
                 __AARGB6   0x000001       data     extern C:\MCC18\v3_39\src\traditional\math\aarg.asm
                 __AARGB7   0x000000       data     extern C:\MCC18\v3_39\src\traditional\math\aarg.asm
                   __AEXP   0x000008       data     extern C:\MCC18\v3_39\src\traditional\math\aarg.asm
                 __BARGB0   0x00000c       data     extern C:\MCC18\v3_39\src\traditional\math\barg.asm
                 __BARGB1   0x00000b       data     extern C:\MCC18\v3_39\src\traditional\math\barg.asm
                 __BARGB2   0x00000a       data     extern C:\MCC18\v3_39\src\traditional\math\barg.asm
                 __BARGB3   0x000009       data     extern C:\MCC18\v3_39\src\traditional\math\barg.asm
                   __BEXP   0x00000d       data     extern C:\MCC18\v3_39\src\traditional\math\barg.asm
                __FPFLAGS   0x00000f       data     extern C:\MCC18\v3_39\src\traditional\math\cmath18.asm
            __FPFLAGSbits   0x00000f       data     extern C:\MCC18\v3_39\src\traditional\math\cmath18.asm
                  __REMB0   0x000003       data     extern C:\MCC18\v3_39\src\traditional\math\aarg.asm
                  __REMB1   0x000002       data     extern C:\MCC18\v3_39\src\traditional\math\aarg.asm
                  __REMB2   0x000001       data     extern C:\MCC18\v3_39\src\traditional\math\aarg.asm
                  __REMB3   0x000000       data     extern C:\MCC18\v3_39\src\traditional\math\aarg.asm
                  __tmp_0   0x000010       data     static C:\edocs\uC\ujprojects\laser\peremiter.X\laser.c
                  __tmp_0   0x000010       data     static C:\edocs\uC\ujprojects\laser\peremiter.X\Console.c
                buf_index   0x00008d       data     extern C:\edocs\uC\ujprojects\laser\peremiter.X\laser.c
            com_parameter   0x00007d       data     extern C:\edocs\uC\ujprojects\laser\peremiter.X\laser.c
                 comcount   0x00008e       data     extern C:\edocs\uC\ujprojects\laser\peremiter.X\laser.c
                curr_byte   0x000086       data     static C:\MCC18\v3_39\src\traditional\startup\c018i.c
               curr_entry   0x000088       data     static C:\MCC18\v3_39\src\traditional\startup\c018i.c
                     data   0x000069       data     extern C:\edocs\uC\ujprojects\laser\peremiter.X\laser.c
                 data_ptr   0x00008a       data     static C:\MCC18\v3_39\src\traditional\startup\c018i.c
                     flag   0x000082       data     extern C:\edocs\uC\ujprojects\laser\peremiter.X\laser.c
                   inpbuf   0x000060       data     extern C:\edocs\uC\ujprojects\laser\peremiter.X\laser.c
              laser_power   0x00007e       data     extern C:\edocs\uC\ujprojects\laser\peremiter.X\laser.c
                     prom   0x000083       data     static C:\MCC18\v3_39\src\traditional\startup\c018i.c
               temp_value   0x000080       data     extern C:\edocs\uC\ujprojects\laser\peremiter.X\laser.c
                    udata   0x000068       data     extern C:\edocs\uC\ujprojects\laser\peremiter.X\laser.c



                              Symbols - Sorted by Address
                     Name    Address   Location    Storage File                     
                ---------  ---------  ---------  --------- ---------                
                   _entry   0x000000    program     extern C:\MCC18\v3_39\src\traditional\startup\c018i.c
       ___return_lbl00000   0x000004    program     static                          
                   __init   0x000006    program     extern C:\MCC18\v3_39\src\traditional\stdclib\__init.c
               HighVector   0x000008    program     extern C:\edocs\uC\ujprojects\laser\peremiter.X\laser.c
       ___return_lbl00008   0x00000c    program     static                          
                lowVector   0x000018    program     extern C:\edocs\uC\ujprojects\laser\peremiter.X\laser.c
       ___return_lbl00009   0x00001c    program     static                          
                   LowISR   0x00002c    program     extern C:\edocs\uC\ujprojects\laser\peremiter.X\laser.c
                  HighISR   0x00004e    program     extern C:\edocs\uC\ujprojects\laser\peremiter.X\laser.c
                    teszt   0x0000aa    program     extern C:\edocs\uC\ujprojects\laser\peremiter.X\laser.c
                    Setup   0x0000ac    program     extern C:\edocs\uC\ujprojects\laser\peremiter.X\laser.c
                     main   0x0000fe    program     extern C:\edocs\uC\ujprojects\laser\peremiter.X\laser.c
          cmd_interpreter   0x000158    program     extern C:\edocs\uC\ujprojects\laser\peremiter.X\laser.c
                DoCommand   0x0002ca    program     extern C:\edocs\uC\ujprojects\laser\peremiter.X\laser.c
                     atoi   0x00039c    program     extern C:\MCC18\v3_39\src\traditional\stdclib\atoi.asm
                  jSkipWS   0x0003ca    program     static C:\MCC18\v3_39\src\traditional\stdclib\atoi.asm
                 jSkipWS1   0x0003dc    program     static C:\MCC18\v3_39\src\traditional\stdclib\atoi.asm
                 jTstSign   0x0003e0    program     static C:\MCC18\v3_39\src\traditional\stdclib\atoi.asm
                jTstSign1   0x0003ec    program     static C:\MCC18\v3_39\src\traditional\stdclib\atoi.asm
                jTstSign2   0x0003f2    program     static C:\MCC18\v3_39\src\traditional\stdclib\atoi.asm
                jTstSign3   0x0003f4    program     static C:\MCC18\v3_39\src\traditional\stdclib\atoi.asm
                    jLoop   0x0003f4    program     static C:\MCC18\v3_39\src\traditional\stdclib\atoi.asm
                 jEndLoop   0x000442    program     static C:\MCC18\v3_39\src\traditional\stdclib\atoi.asm
                     jEnd   0x00045a    program     static C:\MCC18\v3_39\src\traditional\stdclib\atoi.asm
                     itoa   0x000486    program     extern C:\MCC18\v3_39\src\traditional\stdclib\itoa.asm
                jTstSign1   0x0004b2    program     static C:\MCC18\v3_39\src\traditional\stdclib\itoa.asm
                     jDo5   0x0004fc    program     static C:\MCC18\v3_39\src\traditional\stdclib\itoa.asm
                     jDo4   0x000500    program     static C:\MCC18\v3_39\src\traditional\stdclib\itoa.asm
                     jDo3   0x000504    program     static C:\MCC18\v3_39\src\traditional\stdclib\itoa.asm
                     jDo2   0x000508    program     static C:\MCC18\v3_39\src\traditional\stdclib\itoa.asm
                     jDo1   0x00050c    program     static C:\MCC18\v3_39\src\traditional\stdclib\itoa.asm
                 TstUpper   0x000540    program     static C:\MCC18\v3_39\src\traditional\stdclib\itoa.asm
                 TstLower   0x000546    program     static C:\MCC18\v3_39\src\traditional\stdclib\itoa.asm
                jTstLowZ1   0x000550    program     static C:\MCC18\v3_39\src\traditional\stdclib\itoa.asm
                ProcUpper   0x000552    program     static C:\MCC18\v3_39\src\traditional\stdclib\itoa.asm
                ProcLower   0x00055c    program     static C:\MCC18\v3_39\src\traditional\stdclib\itoa.asm
                   itoBCD   0x000566    program     extern C:\MCC18\v3_39\src\traditional\stdclib\itobcd.asm
                    jLoop   0x00057e    program     static C:\MCC18\v3_39\src\traditional\stdclib\itobcd.asm
                     jEnd   0x0005a4    program     static C:\MCC18\v3_39\src\traditional\stdclib\itobcd.asm
                  OneByte   0x0005a8    program     static C:\MCC18\v3_39\src\traditional\stdclib\itobcd.asm
              ConsoleInit   0x0005ba    program     extern C:\edocs\uC\ujprojects\laser\peremiter.X\Console.c
      ConsolePutROMString   0x0005d0    program     extern C:\edocs\uC\ujprojects\laser\peremiter.X\Console.c
         ConsolePutString   0x00060a    program     extern C:\edocs\uC\ujprojects\laser\peremiter.X\Console.c
               ConsolePut   0x000642    program     extern C:\edocs\uC\ujprojects\laser\peremiter.X\Console.c
               ConsoleGet   0x000660    program     extern C:\edocs\uC\ujprojects\laser\peremiter.X\Console.c
                PrintChar   0x00066c    program     extern C:\edocs\uC\ujprojects\laser\peremiter.X\Console.c
                 PrintDec   0x0006ce    program     extern C:\edocs\uC\ujprojects\laser\peremiter.X\Console.c
                _do_cinit   0x000782    program     extern C:\MCC18\v3_39\src\traditional\startup\c018i.c
                     test   0x00079c    program     static                          
                copy_loop   0x0007f4    program     static                          
            copy_one_byte   0x0007fa    program     static                          
             done_copying   0x000808    program     static                          
                     done   0x00081e    program     static                          
       ___return_lbl00002   0x00081e    program     static                          
               __string_8   0x000820    program     static C:\edocs\uC\ujprojects\laser\peremiter.X\laser.c
               __string_7   0x000834    program     static C:\edocs\uC\ujprojects\laser\peremiter.X\laser.c
               __string_6   0x000841    program     static C:\edocs\uC\ujprojects\laser\peremiter.X\laser.c
               __string_5   0x00084d    program     static C:\edocs\uC\ujprojects\laser\peremiter.X\laser.c
               __string_4   0x000859    program     static C:\edocs\uC\ujprojects\laser\peremiter.X\laser.c
               __string_3   0x00086b    program     static C:\edocs\uC\ujprojects\laser\peremiter.X\laser.c
               __string_2   0x00086e    program     static C:\edocs\uC\ujprojects\laser\peremiter.X\laser.c
               __string_1   0x00087c    program     static C:\edocs\uC\ujprojects\laser\peremiter.X\laser.c
               __string_0   0x000880    program     static C:\edocs\uC\ujprojects\laser\peremiter.X\laser.c
            __zero_memory   0x000890    program     extern C:\MCC18\v3_39\src\traditional\proc\p18LF14K22.asm
                   loop_h   0x00089e    program     static C:\MCC18\v3_39\src\traditional\proc\p18LF14K22.asm
               zero_block   0x00089e    program     static C:\MCC18\v3_39\src\traditional\proc\p18LF14K22.asm
                compare_l   0x0008a6    program     static C:\MCC18\v3_39\src\traditional\proc\p18LF14K22.asm
                   loop_l   0x0008a8    program     static C:\MCC18\v3_39\src\traditional\proc\p18LF14K22.asm
                 _startup   0x0008b0    program     extern C:\MCC18\v3_39\src\traditional\startup\c018i.c
                     loop   0x0008c0    program     static                          
       ___return_lbl00001   0x0008ca    program     static                          
                 FXD0808U   0x0008cc    program     extern C:\MCC18\v3_39\src\traditional\math\fxd0808u.c
                     loop   0x0008d4    program     static                          
                  endloop   0x0008e2    program     static                          
       ___return_lbl00000   0x0008e6    program     static                          
           CharacterArray   0x0008e8    program     extern C:\edocs\uC\ujprojects\laser\peremiter.X\Console.c
               __config_0   0x300001    program     static C:\edocs\uC\ujprojects\laser\peremiter.X\laser.c
               __config_1   0x300002    program     static C:\edocs\uC\ujprojects\laser\peremiter.X\laser.c
               __config_2   0x300003    program     static C:\edocs\uC\ujprojects\laser\peremiter.X\laser.c
               __config_3   0x300005    program     static C:\edocs\uC\ujprojects\laser\peremiter.X\laser.c
               __config_4   0x300006    program     static C:\edocs\uC\ujprojects\laser\peremiter.X\laser.c
               __config_5   0x300008    program     static C:\edocs\uC\ujprojects\laser\peremiter.X\laser.c
               __config_6   0x300009    program     static C:\edocs\uC\ujprojects\laser\peremiter.X\laser.c
               __config_7   0x30000a    program     static C:\edocs\uC\ujprojects\laser\peremiter.X\laser.c
               __config_8   0x30000b    program     static C:\edocs\uC\ujprojects\laser\peremiter.X\laser.c
               __config_9   0x30000c    program     static C:\edocs\uC\ujprojects\laser\peremiter.X\laser.c
              __config_10   0x30000d    program     static C:\edocs\uC\ujprojects\laser\peremiter.X\laser.c
                 __AARGB7   0x000000       data     extern C:\MCC18\v3_39\src\traditional\math\aarg.asm
                  __REMB3   0x000000       data     extern C:\MCC18\v3_39\src\traditional\math\aarg.asm
                 __AARGB6   0x000001       data     extern C:\MCC18\v3_39\src\traditional\math\aarg.asm
                  __REMB2   0x000001       data     extern C:\MCC18\v3_39\src\traditional\math\aarg.asm
                 __AARGB5   0x000002       data     extern C:\MCC18\v3_39\src\traditional\math\aarg.asm
                  __REMB1   0x000002       data     extern C:\MCC18\v3_39\src\traditional\math\aarg.asm
                  __REMB0   0x000003       data     extern C:\MCC18\v3_39\src\traditional\math\aarg.asm
                 __AARGB4   0x000003       data     extern C:\MCC18\v3_39\src\traditional\math\aarg.asm
                 __AARGB3   0x000004       data     extern C:\MCC18\v3_39\src\traditional\math\aarg.asm
                 __AARGB2   0x000005       data     extern C:\MCC18\v3_39\src\traditional\math\aarg.asm
                 __AARGB1   0x000006       data     extern C:\MCC18\v3_39\src\traditional\math\aarg.asm
                 __AARGB0   0x000007       data     extern C:\MCC18\v3_39\src\traditional\math\aarg.asm
                   __AEXP   0x000008       data     extern C:\MCC18\v3_39\src\traditional\math\aarg.asm
                 __BARGB3   0x000009       data     extern C:\MCC18\v3_39\src\traditional\math\barg.asm
                 __BARGB2   0x00000a       data     extern C:\MCC18\v3_39\src\traditional\math\barg.asm
                 __BARGB1   0x00000b       data     extern C:\MCC18\v3_39\src\traditional\math\barg.asm
                 __BARGB0   0x00000c       data     extern C:\MCC18\v3_39\src\traditional\math\barg.asm
                   __BEXP   0x00000d       data     extern C:\MCC18\v3_39\src\traditional\math\barg.asm
                     SIGN   0x00000e       data     extern C:\MCC18\v3_39\src\traditional\math\cmath18.asm
            __FPFLAGSbits   0x00000f       data     extern C:\MCC18\v3_39\src\traditional\math\cmath18.asm
                __FPFLAGS   0x00000f       data     extern C:\MCC18\v3_39\src\traditional\math\cmath18.asm
                  __tmp_0   0x000010       data     static C:\edocs\uC\ujprojects\laser\peremiter.X\Console.c
                  __tmp_0   0x000010       data     static C:\edocs\uC\ujprojects\laser\peremiter.X\laser.c
                   inpbuf   0x000060       data     extern C:\edocs\uC\ujprojects\laser\peremiter.X\laser.c
                    udata   0x000068       data     extern C:\edocs\uC\ujprojects\laser\peremiter.X\laser.c
                     data   0x000069       data     extern C:\edocs\uC\ujprojects\laser\peremiter.X\laser.c
            com_parameter   0x00007d       data     extern C:\edocs\uC\ujprojects\laser\peremiter.X\laser.c
              laser_power   0x00007e       data     extern C:\edocs\uC\ujprojects\laser\peremiter.X\laser.c
               temp_value   0x000080       data     extern C:\edocs\uC\ujprojects\laser\peremiter.X\laser.c
                     flag   0x000082       data     extern C:\edocs\uC\ujprojects\laser\peremiter.X\laser.c
                     prom   0x000083       data     static C:\MCC18\v3_39\src\traditional\startup\c018i.c
                curr_byte   0x000086       data     static C:\MCC18\v3_39\src\traditional\startup\c018i.c
               curr_entry   0x000088       data     static C:\MCC18\v3_39\src\traditional\startup\c018i.c
                 data_ptr   0x00008a       data     static C:\MCC18\v3_39\src\traditional\startup\c018i.c
                buf_index   0x00008d       data     extern C:\edocs\uC\ujprojects\laser\peremiter.X\laser.c
                 comcount   0x00008e       data     extern C:\edocs\uC\ujprojects\laser\peremiter.X\laser.c
                   SRCON0   0x000f68       data     extern C:\MCC18\v3_39\src\traditional\proc\p18LF14K22.asm
               SRCON0bits   0x000f68       data     extern C:\MCC18\v3_39\src\traditional\proc\p18LF14K22.asm
               SRCON1bits   0x000f69       data     extern C:\MCC18\v3_39\src\traditional\proc\p18LF14K22.asm
                   SRCON1   0x000f69       data     extern C:\MCC18\v3_39\src\traditional\proc\p18LF14K22.asm
                  CM2CON0   0x000f6b       data     extern C:\MCC18\v3_39\src\traditional\proc\p18LF14K22.asm
              CM2CON0bits   0x000f6b       data     extern C:\MCC18\v3_39\src\traditional\proc\p18LF14K22.asm
                  CM2CON1   0x000f6c       data     extern C:\MCC18\v3_39\src\traditional\proc\p18LF14K22.asm
              CM2CON1bits   0x000f6c       data     extern C:\MCC18\v3_39\src\traditional\proc\p18LF14K22.asm
              CM1CON0bits   0x000f6d       data     extern C:\MCC18\v3_39\src\traditional\proc\p18LF14K22.asm
                  CM1CON0   0x000f6d       data     extern C:\MCC18\v3_39\src\traditional\proc\p18LF14K22.asm
               SSPMSKbits   0x000f6f       data     extern C:\MCC18\v3_39\src\traditional\proc\p18LF14K22.asm
                   SSPMSK   0x000f6f       data     extern C:\MCC18\v3_39\src\traditional\proc\p18LF14K22.asm
                   SLRCON   0x000f76       data     extern C:\MCC18\v3_39\src\traditional\proc\p18LF14K22.asm
               SLRCONbits   0x000f76       data     extern C:\MCC18\v3_39\src\traditional\proc\p18LF14K22.asm
                     WPUA   0x000f77       data     extern C:\MCC18\v3_39\src\traditional\proc\p18LF14K22.asm
                 WPUAbits   0x000f77       data     extern C:\MCC18\v3_39\src\traditional\proc\p18LF14K22.asm
                 WPUBbits   0x000f78       data     extern C:\MCC18\v3_39\src\traditional\proc\p18LF14K22.asm
                     WPUB   0x000f78       data     extern C:\MCC18\v3_39\src\traditional\proc\p18LF14K22.asm
                     IOCA   0x000f79       data     extern C:\MCC18\v3_39\src\traditional\proc\p18LF14K22.asm
                 IOCAbits   0x000f79       data     extern C:\MCC18\v3_39\src\traditional\proc\p18LF14K22.asm
                 IOCBbits   0x000f7a       data     extern C:\MCC18\v3_39\src\traditional\proc\p18LF14K22.asm
                     IOCB   0x000f7a       data     extern C:\MCC18\v3_39\src\traditional\proc\p18LF14K22.asm
                    ANSEL   0x000f7e       data     extern C:\MCC18\v3_39\src\traditional\proc\p18LF14K22.asm
                ANSELbits   0x000f7e       data     extern C:\MCC18\v3_39\src\traditional\proc\p18LF14K22.asm
                   ANSELH   0x000f7f       data     extern C:\MCC18\v3_39\src\traditional\proc\p18LF14K22.asm
               ANSELHbits   0x000f7f       data     extern C:\MCC18\v3_39\src\traditional\proc\p18LF14K22.asm
                    PORTA   0x000f80       data     extern C:\MCC18\v3_39\src\traditional\proc\p18LF14K22.asm
                PORTAbits   0x000f80       data     extern C:\MCC18\v3_39\src\traditional\proc\p18LF14K22.asm
                PORTBbits   0x000f81       data     extern C:\MCC18\v3_39\src\traditional\proc\p18LF14K22.asm
                    PORTB   0x000f81       data     extern C:\MCC18\v3_39\src\traditional\proc\p18LF14K22.asm
                    PORTC   0x000f82       data     extern C:\MCC18\v3_39\src\traditional\proc\p18LF14K22.asm
                PORTCbits   0x000f82       data     extern C:\MCC18\v3_39\src\traditional\proc\p18LF14K22.asm
                     LATA   0x000f89       data     extern C:\MCC18\v3_39\src\traditional\proc\p18LF14K22.asm
                 LATAbits   0x000f89       data     extern C:\MCC18\v3_39\src\traditional\proc\p18LF14K22.asm
                 LATBbits   0x000f8a       data     extern C:\MCC18\v3_39\src\traditional\proc\p18LF14K22.asm
                     LATB   0x000f8a       data     extern C:\MCC18\v3_39\src\traditional\proc\p18LF14K22.asm
                     LATC   0x000f8b       data     extern C:\MCC18\v3_39\src\traditional\proc\p18LF14K22.asm
                 LATCbits   0x000f8b       data     extern C:\MCC18\v3_39\src\traditional\proc\p18LF14K22.asm
                    TRISA   0x000f92       data     extern C:\MCC18\v3_39\src\traditional\proc\p18LF14K22.asm
                     DDRA   0x000f92       data     extern C:\MCC18\v3_39\src\traditional\proc\p18LF14K22.asm
                TRISAbits   0x000f92       data     extern C:\MCC18\v3_39\src\traditional\proc\p18LF14K22.asm
                 DDRAbits   0x000f92       data     extern C:\MCC18\v3_39\src\traditional\proc\p18LF14K22.asm
                    TRISB   0x000f93       data     extern C:\MCC18\v3_39\src\traditional\proc\p18LF14K22.asm
                TRISBbits   0x000f93       data     extern C:\MCC18\v3_39\src\traditional\proc\p18LF14K22.asm
                 DDRBbits   0x000f93       data     extern C:\MCC18\v3_39\src\traditional\proc\p18LF14K22.asm
                     DDRB   0x000f93       data     extern C:\MCC18\v3_39\src\traditional\proc\p18LF14K22.asm
                     DDRC   0x000f94       data     extern C:\MCC18\v3_39\src\traditional\proc\p18LF14K22.asm
                TRISCbits   0x000f94       data     extern C:\MCC18\v3_39\src\traditional\proc\p18LF14K22.asm
                    TRISC   0x000f94       data     extern C:\MCC18\v3_39\src\traditional\proc\p18LF14K22.asm
                 DDRCbits   0x000f94       data     extern C:\MCC18\v3_39\src\traditional\proc\p18LF14K22.asm
              OSCTUNEbits   0x000f9b       data     extern C:\MCC18\v3_39\src\traditional\proc\p18LF14K22.asm
                  OSCTUNE   0x000f9b       data     extern C:\MCC18\v3_39\src\traditional\proc\p18LF14K22.asm
                     PIE1   0x000f9d       data     extern C:\MCC18\v3_39\src\traditional\proc\p18LF14K22.asm
                 PIE1bits   0x000f9d       data     extern C:\MCC18\v3_39\src\traditional\proc\p18LF14K22.asm
                     PIR1   0x000f9e       data     extern C:\MCC18\v3_39\src\traditional\proc\p18LF14K22.asm
                 PIR1bits   0x000f9e       data     extern C:\MCC18\v3_39\src\traditional\proc\p18LF14K22.asm
                 IPR1bits   0x000f9f       data     extern C:\MCC18\v3_39\src\traditional\proc\p18LF14K22.asm
                     IPR1   0x000f9f       data     extern C:\MCC18\v3_39\src\traditional\proc\p18LF14K22.asm
                 PIE2bits   0x000fa0       data     extern C:\MCC18\v3_39\src\traditional\proc\p18LF14K22.asm
                     PIE2   0x000fa0       data     extern C:\MCC18\v3_39\src\traditional\proc\p18LF14K22.asm
                     PIR2   0x000fa1       data     extern C:\MCC18\v3_39\src\traditional\proc\p18LF14K22.asm
                 PIR2bits   0x000fa1       data     extern C:\MCC18\v3_39\src\traditional\proc\p18LF14K22.asm
                 IPR2bits   0x000fa2       data     extern C:\MCC18\v3_39\src\traditional\proc\p18LF14K22.asm
                     IPR2   0x000fa2       data     extern C:\MCC18\v3_39\src\traditional\proc\p18LF14K22.asm
                   EECON1   0x000fa6       data     extern C:\MCC18\v3_39\src\traditional\proc\p18LF14K22.asm
               EECON1bits   0x000fa6       data     extern C:\MCC18\v3_39\src\traditional\proc\p18LF14K22.asm
                   EECON2   0x000fa7       data     extern C:\MCC18\v3_39\src\traditional\proc\p18LF14K22.asm
                   EEDATA   0x000fa8       data     extern C:\MCC18\v3_39\src\traditional\proc\p18LF14K22.asm
                    EEADR   0x000fa9       data     extern C:\MCC18\v3_39\src\traditional\proc\p18LF14K22.asm
                EEADRbits   0x000fa9       data     extern C:\MCC18\v3_39\src\traditional\proc\p18LF14K22.asm
                    RCSTA   0x000fab       data     extern C:\MCC18\v3_39\src\traditional\proc\p18LF14K22.asm
                RCSTAbits   0x000fab       data     extern C:\MCC18\v3_39\src\traditional\proc\p18LF14K22.asm
                    TXSTA   0x000fac       data     extern C:\MCC18\v3_39\src\traditional\proc\p18LF14K22.asm
                TXSTAbits   0x000fac       data     extern C:\MCC18\v3_39\src\traditional\proc\p18LF14K22.asm
                    TXREG   0x000fad       data     extern C:\MCC18\v3_39\src\traditional\proc\p18LF14K22.asm
                    RCREG   0x000fae       data     extern C:\MCC18\v3_39\src\traditional\proc\p18LF14K22.asm
                    SPBRG   0x000faf       data     extern C:\MCC18\v3_39\src\traditional\proc\p18LF14K22.asm
                   SPBRGH   0x000fb0       data     extern C:\MCC18\v3_39\src\traditional\proc\p18LF14K22.asm
                T3CONbits   0x000fb1       data     extern C:\MCC18\v3_39\src\traditional\proc\p18LF14K22.asm
                    T3CON   0x000fb1       data     extern C:\MCC18\v3_39\src\traditional\proc\p18LF14K22.asm
                    TMR3L   0x000fb2       data     extern C:\MCC18\v3_39\src\traditional\proc\p18LF14K22.asm
                    TMR3H   0x000fb3       data     extern C:\MCC18\v3_39\src\traditional\proc\p18LF14K22.asm
              ECCP1ASbits   0x000fb6       data     extern C:\MCC18\v3_39\src\traditional\proc\p18LF14K22.asm
                  ECCP1AS   0x000fb6       data     extern C:\MCC18\v3_39\src\traditional\proc\p18LF14K22.asm
              PWM1CONbits   0x000fb7       data     extern C:\MCC18\v3_39\src\traditional\proc\p18LF14K22.asm
                  PWM1CON   0x000fb7       data     extern C:\MCC18\v3_39\src\traditional\proc\p18LF14K22.asm
                  BAUDCON   0x000fb8       data     extern C:\MCC18\v3_39\src\traditional\proc\p18LF14K22.asm
              BAUDCTLbits   0x000fb8       data     extern C:\MCC18\v3_39\src\traditional\proc\p18LF14K22.asm
                  BAUDCTL   0x000fb8       data     extern C:\MCC18\v3_39\src\traditional\proc\p18LF14K22.asm
              BAUDCONbits   0x000fb8       data     extern C:\MCC18\v3_39\src\traditional\proc\p18LF14K22.asm
                  PSTRCON   0x000fb9       data     extern C:\MCC18\v3_39\src\traditional\proc\p18LF14K22.asm
              PSTRCONbits   0x000fb9       data     extern C:\MCC18\v3_39\src\traditional\proc\p18LF14K22.asm
             VREFCON0bits   0x000fba       data     extern C:\MCC18\v3_39\src\traditional\proc\p18LF14K22.asm
                 VREFCON0   0x000fba       data     extern C:\MCC18\v3_39\src\traditional\proc\p18LF14K22.asm
              REFCON0bits   0x000fba       data     extern C:\MCC18\v3_39\src\traditional\proc\p18LF14K22.asm
                  REFCON0   0x000fba       data     extern C:\MCC18\v3_39\src\traditional\proc\p18LF14K22.asm
              REFCON1bits   0x000fbb       data     extern C:\MCC18\v3_39\src\traditional\proc\p18LF14K22.asm
                  REFCON1   0x000fbb       data     extern C:\MCC18\v3_39\src\traditional\proc\p18LF14K22.asm
                 VREFCON1   0x000fbb       data     extern C:\MCC18\v3_39\src\traditional\proc\p18LF14K22.asm
             VREFCON1bits   0x000fbb       data     extern C:\MCC18\v3_39\src\traditional\proc\p18LF14K22.asm
              REFCON2bits   0x000fbc       data     extern C:\MCC18\v3_39\src\traditional\proc\p18LF14K22.asm
                  REFCON2   0x000fbc       data     extern C:\MCC18\v3_39\src\traditional\proc\p18LF14K22.asm
                 VREFCON2   0x000fbc       data     extern C:\MCC18\v3_39\src\traditional\proc\p18LF14K22.asm
             VREFCON2bits   0x000fbc       data     extern C:\MCC18\v3_39\src\traditional\proc\p18LF14K22.asm
                  CCP1CON   0x000fbd       data     extern C:\MCC18\v3_39\src\traditional\proc\p18LF14K22.asm
              CCP1CONbits   0x000fbd       data     extern C:\MCC18\v3_39\src\traditional\proc\p18LF14K22.asm
                   CCPR1L   0x000fbe       data     extern C:\MCC18\v3_39\src\traditional\proc\p18LF14K22.asm
                    CCPR1   0x000fbe       data     extern C:\MCC18\v3_39\src\traditional\proc\p18LF14K22.asm
                   CCPR1H   0x000fbf       data     extern C:\MCC18\v3_39\src\traditional\proc\p18LF14K22.asm
               ADCON2bits   0x000fc0       data     extern C:\MCC18\v3_39\src\traditional\proc\p18LF14K22.asm
                   ADCON2   0x000fc0       data     extern C:\MCC18\v3_39\src\traditional\proc\p18LF14K22.asm
               ADCON1bits   0x000fc1       data     extern C:\MCC18\v3_39\src\traditional\proc\p18LF14K22.asm
                   ADCON1   0x000fc1       data     extern C:\MCC18\v3_39\src\traditional\proc\p18LF14K22.asm
               ADCON0bits   0x000fc2       data     extern C:\MCC18\v3_39\src\traditional\proc\p18LF14K22.asm
                   ADCON0   0x000fc2       data     extern C:\MCC18\v3_39\src\traditional\proc\p18LF14K22.asm
                    ADRES   0x000fc3       data     extern C:\MCC18\v3_39\src\traditional\proc\p18LF14K22.asm
                   ADRESL   0x000fc3       data     extern C:\MCC18\v3_39\src\traditional\proc\p18LF14K22.asm
                   ADRESH   0x000fc4       data     extern C:\MCC18\v3_39\src\traditional\proc\p18LF14K22.asm
              SSPCON2bits   0x000fc5       data     extern C:\MCC18\v3_39\src\traditional\proc\p18LF14K22.asm
                  SSPCON2   0x000fc5       data     extern C:\MCC18\v3_39\src\traditional\proc\p18LF14K22.asm
                  SSPCON1   0x000fc6       data     extern C:\MCC18\v3_39\src\traditional\proc\p18LF14K22.asm
              SSPCON1bits   0x000fc6       data     extern C:\MCC18\v3_39\src\traditional\proc\p18LF14K22.asm
                  SSPSTAT   0x000fc7       data     extern C:\MCC18\v3_39\src\traditional\proc\p18LF14K22.asm
              SSPSTATbits   0x000fc7       data     extern C:\MCC18\v3_39\src\traditional\proc\p18LF14K22.asm
                   SSPADD   0x000fc8       data     extern C:\MCC18\v3_39\src\traditional\proc\p18LF14K22.asm
                   SSPBUF   0x000fc9       data     extern C:\MCC18\v3_39\src\traditional\proc\p18LF14K22.asm
                T2CONbits   0x000fca       data     extern C:\MCC18\v3_39\src\traditional\proc\p18LF14K22.asm
                    T2CON   0x000fca       data     extern C:\MCC18\v3_39\src\traditional\proc\p18LF14K22.asm
                      PR2   0x000fcb       data     extern C:\MCC18\v3_39\src\traditional\proc\p18LF14K22.asm
                     TMR2   0x000fcc       data     extern C:\MCC18\v3_39\src\traditional\proc\p18LF14K22.asm
                T1CONbits   0x000fcd       data     extern C:\MCC18\v3_39\src\traditional\proc\p18LF14K22.asm
                    T1CON   0x000fcd       data     extern C:\MCC18\v3_39\src\traditional\proc\p18LF14K22.asm
                    TMR1L   0x000fce       data     extern C:\MCC18\v3_39\src\traditional\proc\p18LF14K22.asm
                    TMR1H   0x000fcf       data     extern C:\MCC18\v3_39\src\traditional\proc\p18LF14K22.asm
                 RCONbits   0x000fd0       data     extern C:\MCC18\v3_39\src\traditional\proc\p18LF14K22.asm
                     RCON   0x000fd0       data     extern C:\MCC18\v3_39\src\traditional\proc\p18LF14K22.asm
               WDTCONbits   0x000fd1       data     extern C:\MCC18\v3_39\src\traditional\proc\p18LF14K22.asm
                   WDTCON   0x000fd1       data     extern C:\MCC18\v3_39\src\traditional\proc\p18LF14K22.asm
                  OSCCON2   0x000fd2       data     extern C:\MCC18\v3_39\src\traditional\proc\p18LF14K22.asm
              OSCCON2bits   0x000fd2       data     extern C:\MCC18\v3_39\src\traditional\proc\p18LF14K22.asm
                   OSCCON   0x000fd3       data     extern C:\MCC18\v3_39\src\traditional\proc\p18LF14K22.asm
               OSCCONbits   0x000fd3       data     extern C:\MCC18\v3_39\src\traditional\proc\p18LF14K22.asm
                    T0CON   0x000fd5       data     extern C:\MCC18\v3_39\src\traditional\proc\p18LF14K22.asm
                T0CONbits   0x000fd5       data     extern C:\MCC18\v3_39\src\traditional\proc\p18LF14K22.asm
                    TMR0L   0x000fd6       data     extern C:\MCC18\v3_39\src\traditional\proc\p18LF14K22.asm
                    TMR0H   0x000fd7       data     extern C:\MCC18\v3_39\src\traditional\proc\p18LF14K22.asm
                   STATUS   0x000fd8       data     extern C:\MCC18\v3_39\src\traditional\proc\p18LF14K22.asm
               STATUSbits   0x000fd8       data     extern C:\MCC18\v3_39\src\traditional\proc\p18LF14K22.asm
                     FSR2   0x000fd9       data     extern C:\MCC18\v3_39\src\traditional\proc\p18LF14K22.asm
                    FSR2L   0x000fd9       data     extern C:\MCC18\v3_39\src\traditional\proc\p18LF14K22.asm
                    FSR2H   0x000fda       data     extern C:\MCC18\v3_39\src\traditional\proc\p18LF14K22.asm
                   PLUSW2   0x000fdb       data     extern C:\MCC18\v3_39\src\traditional\proc\p18LF14K22.asm
                  PREINC2   0x000fdc       data     extern C:\MCC18\v3_39\src\traditional\proc\p18LF14K22.asm
                 POSTDEC2   0x000fdd       data     extern C:\MCC18\v3_39\src\traditional\proc\p18LF14K22.asm
                 POSTINC2   0x000fde       data     extern C:\MCC18\v3_39\src\traditional\proc\p18LF14K22.asm
                    INDF2   0x000fdf       data     extern C:\MCC18\v3_39\src\traditional\proc\p18LF14K22.asm
                      BSR   0x000fe0       data     extern C:\MCC18\v3_39\src\traditional\proc\p18LF14K22.asm
                     FSR1   0x000fe1       data     extern C:\MCC18\v3_39\src\traditional\proc\p18LF14K22.asm
                    FSR1L   0x000fe1       data     extern C:\MCC18\v3_39\src\traditional\proc\p18LF14K22.asm
                    FSR1H   0x000fe2       data     extern C:\MCC18\v3_39\src\traditional\proc\p18LF14K22.asm
                   PLUSW1   0x000fe3       data     extern C:\MCC18\v3_39\src\traditional\proc\p18LF14K22.asm
                  PREINC1   0x000fe4       data     extern C:\MCC18\v3_39\src\traditional\proc\p18LF14K22.asm
                 POSTDEC1   0x000fe5       data     extern C:\MCC18\v3_39\src\traditional\proc\p18LF14K22.asm
                 POSTINC1   0x000fe6       data     extern C:\MCC18\v3_39\src\traditional\proc\p18LF14K22.asm
                    INDF1   0x000fe7       data     extern C:\MCC18\v3_39\src\traditional\proc\p18LF14K22.asm
                     WREG   0x000fe8       data     extern C:\MCC18\v3_39\src\traditional\proc\p18LF14K22.asm
                        W   0x000fe8       data     extern C:\MCC18\v3_39\src\traditional\proc\p18LF14K22.asm
                     FSR0   0x000fe9       data     extern C:\MCC18\v3_39\src\traditional\proc\p18LF14K22.asm
                    FSR0L   0x000fe9       data     extern C:\MCC18\v3_39\src\traditional\proc\p18LF14K22.asm
                    FSR0H   0x000fea       data     extern C:\MCC18\v3_39\src\traditional\proc\p18LF14K22.asm
                   PLUSW0   0x000feb       data     extern C:\MCC18\v3_39\src\traditional\proc\p18LF14K22.asm
                  PREINC0   0x000fec       data     extern C:\MCC18\v3_39\src\traditional\proc\p18LF14K22.asm
                 POSTDEC0   0x000fed       data     extern C:\MCC18\v3_39\src\traditional\proc\p18LF14K22.asm
                 POSTINC0   0x000fee       data     extern C:\MCC18\v3_39\src\traditional\proc\p18LF14K22.asm
                    INDF0   0x000fef       data     extern C:\MCC18\v3_39\src\traditional\proc\p18LF14K22.asm
                  INTCON3   0x000ff0       data     extern C:\MCC18\v3_39\src\traditional\proc\p18LF14K22.asm
              INTCON3bits   0x000ff0       data     extern C:\MCC18\v3_39\src\traditional\proc\p18LF14K22.asm
                  INTCON2   0x000ff1       data     extern C:\MCC18\v3_39\src\traditional\proc\p18LF14K22.asm
              INTCON2bits   0x000ff1       data     extern C:\MCC18\v3_39\src\traditional\proc\p18LF14K22.asm
                   INTCON   0x000ff2       data     extern C:\MCC18\v3_39\src\traditional\proc\p18LF14K22.asm
               INTCONbits   0x000ff2       data     extern C:\MCC18\v3_39\src\traditional\proc\p18LF14K22.asm
                     PROD   0x000ff3       data     extern C:\MCC18\v3_39\src\traditional\proc\p18LF14K22.asm
                    PRODL   0x000ff3       data     extern C:\MCC18\v3_39\src\traditional\proc\p18LF14K22.asm
                    PRODH   0x000ff4       data     extern C:\MCC18\v3_39\src\traditional\proc\p18LF14K22.asm
                   TABLAT   0x000ff5       data     extern C:\MCC18\v3_39\src\traditional\proc\p18LF14K22.asm
                  TBLPTRL   0x000ff6       data     extern C:\MCC18\v3_39\src\traditional\proc\p18LF14K22.asm
                   TBLPTR   0x000ff6       data     extern C:\MCC18\v3_39\src\traditional\proc\p18LF14K22.asm
                  TBLPTRH   0x000ff7       data     extern C:\MCC18\v3_39\src\traditional\proc\p18LF14K22.asm
                  TBLPTRU   0x000ff8       data     extern C:\MCC18\v3_39\src\traditional\proc\p18LF14K22.asm
                      PCL   0x000ff9       data     extern C:\MCC18\v3_39\src\traditional\proc\p18LF14K22.asm
                       PC   0x000ff9       data     extern C:\MCC18\v3_39\src\traditional\proc\p18LF14K22.asm
                   PCLATH   0x000ffa       data     extern C:\MCC18\v3_39\src\traditional\proc\p18LF14K22.asm
                   PCLATU   0x000ffb       data     extern C:\MCC18\v3_39\src\traditional\proc\p18LF14K22.asm
                   STKPTR   0x000ffc       data     extern C:\MCC18\v3_39\src\traditional\proc\p18LF14K22.asm
               STKPTRbits   0x000ffc       data     extern C:\MCC18\v3_39\src\traditional\proc\p18LF14K22.asm
                      TOS   0x000ffd       data     extern C:\MCC18\v3_39\src\traditional\proc\p18LF14K22.asm
                     TOSL   0x000ffd       data     extern C:\MCC18\v3_39\src\traditional\proc\p18LF14K22.asm
                     TOSH   0x000ffe       data     extern C:\MCC18\v3_39\src\traditional\proc\p18LF14K22.asm
                     TOSU   0x000fff       data     extern C:\MCC18\v3_39\src\traditional\proc\p18LF14K22.asm


